rf_driver.c:356:6:DWT_Delay_us	16	static
rf_driver.c:671:6:rf_wakeup	16	static
rf_driver.c:854:9:rf_incoming_packet	0	static
rf_driver.c:908:10:_get_frame_size	8	static
rf_driver.c:1116:19:__spi_write	40	static
rf_driver.c:1057:6:rf_write_strobe	16	static
rf_driver.c:403:6:rf_reset	16	static
rf_driver.c:1076:6:rf_write_register	16	static
rf_driver.c:527:6:rf_set_channel	8	static
rf_driver.c:534:6:rf_set_output_power_level	8	static
rf_driver.c:553:7:rf_set_carrier_offset	8	static
rf_driver.c:565:7:rf_set_carrier_frequency	16	static
rf_driver.c:1099:6:rf_write_data	16	static
rf_driver.c:443:6:rf_set_modulation_mode	16	static
rf_driver.c:481:6:rf_set_ISMband	24	static
rf_driver.c:740:9:_keep_transmiting_data	32	static
rf_driver.c:1128:19:__spi_read	40	static
rf_driver.c:1065:9:rf_read_register	32	static
rf_driver.c:420:9:rf_check	16	static
rf_driver.c:365:9:rf_begin	16	static
rf_driver.c:582:7:rf_set_channel_spacing	24	static
rf_driver.c:630:6:rf_sidle	8	static
rf_driver.c:619:6:rf_set_preamble_threshold	8	static
rf_driver.c:665:6:rf_power_down	8	static
rf_driver.c:690:6:rf_wor_enable	8	static
rf_driver.c:722:6:rf_wor_disable	8	static
rf_driver.c:728:6:rf_wor_reset	8	static
rf_driver.c:610:6:rf_set_preamble	8	static
rf_driver.c:647:6:rf_receive	8	static
rf_driver.c:772:21:send_frame	24	static
rf_driver.c:887:9:polling_while_lower	24	static
rf_driver.c:899:9:polling_while_bigger	16	static
rf_driver.c:1084:6:rf_read_data	16	static
rf_driver.c:683:9:rf_get_settings	8	static
rf_driver.c:859:10:_keep_receiving_data	32	static
rf_driver.c:923:21:receive_frame	40	static
rf_driver.c:1141:6:HAL_GPIO_EXTI_Callback	8	static
rf_driver.c:1159:6:init_hardware	12	static
rf_driver.c:1171:5:__io_putchar	16	static
rf_driver.c:1179:5:_write	16	static
